========================================
 スクリプト名: CommandA.sh
 実行開始日時: 2026-09-08 07:55:38
========================================
[2026-09-08 07:55:38] [INFO]  CommandA.sh 処理開始
[2026-09-08 07:55:38] [INFO]  事前チェック開始
[2026-09-08 07:55:38] [INFO]  事前チェック完了
[2026-09-08 07:55:38] [INFO]  ディレクトリ操作処理 開始
[2026-09-08 07:55:38] [INFO]  ディレクトリ作成完了: /tmp/testdir
[2026-09-08 07:55:38] [INFO]  E101: ディレクトリ作成失敗（既存）: /tmp/testdir（エラーメッセージ出力を確認・続行）
[2026-09-08 07:55:38] [INFO]  ディレクトリ作成（既存）エラー確認完了
[2026-09-08 07:55:38] [INFO]  ディレクトリ作成（権限なし）エラー確認完了
[2026-09-08 07:55:38] [INFO]  ディレクトリ移動完了: /tmp/testdir
[2026-09-08 07:55:38] [INFO]  E103: ディレクトリ移動失敗（不存在）: /tmp/notexist（エラーメッセージ出力を確認・続行）
[2026-09-08 07:55:38] [INFO]  ディレクトリ移動（不存在）エラー確認完了
[2026-09-08 07:55:38] [INFO]  ディレクトリコピー完了: /tmp/testdir_bk
[2026-09-08 07:55:38] [INFO]  ディレクトリ削除（空）完了: /tmp/testdir_bk
[2026-09-08 07:55:38] [INFO]  ディレクトリ削除（非空）エラー確認完了
[2026-09-08 07:55:38] [INFO]  ディレクトリ強制削除完了: /tmp/testdir
[2026-09-08 07:55:38] [INFO]  ディレクトリ操作処理 完了
[2026-09-08 07:55:38] [INFO]  ファイル操作処理 開始
[2026-09-08 07:55:38] [INFO]  ファイル作成（touch）完了: /tmp/testdir/test.txt
[2026-09-08 07:55:38] [INFO]  ファイル作成（echo）完了: /tmp/testdir/data.txt
[2026-09-08 07:55:38] [INFO]  ファイル内容確認完了: /tmp/testdir/data.txt
[2026-09-08 07:55:38] [INFO]  ファイルコピー完了: /tmp/testdir/data_bk.txt
[2026-09-08 07:55:38] [INFO]  ファイルコピー（上書き）完了: /tmp/testdir/data_bk.txt
[2026-09-08 07:55:38] [INFO]  ファイル移動（リネーム）完了: /tmp/testdir/renamed.txt
[2026-09-08 07:55:38] [INFO]  ファイル削除完了: /tmp/testdir/data_bk.txt
[2026-09-08 07:55:38] [INFO]  E206: ファイル削除失敗（不存在）: /tmp/testdir/notexist.txt（エラーメッセージ出力を確認・続行）
[2026-09-08 07:55:38] [INFO]  ファイル削除（不存在）エラー確認完了
[2026-09-08 07:55:38] [INFO]  ファイル操作処理 完了
[2026-09-08 07:55:38] [INFO]  サービス操作処理 開始
[2026-09-08 07:55:38] [INFO]  サービス起動完了: nginx
[2026-09-08 07:55:38] [INFO]  サービス起動失敗確認完了
[2026-09-08 07:55:38] [INFO]  起動確認完了: nginx
[2026-09-08 07:55:38] [INFO]  サービス停止完了: nginx
[2026-09-08 07:55:38] [INFO]  停止確認完了: nginx
[2026-09-08 07:55:38] [INFO]  サービス状態確認完了: nginx
[2026-09-08 07:55:38] [INFO]  サービス操作処理 完了
[2026-09-08 07:55:38] [INFO]  一覧表示・権限変更処理 開始
[2026-09-08 07:55:38] [INFO]  一覧表示完了: /tmp
[2026-09-08 07:55:38] [INFO]  ファイル権限変更完了: /tmp/testfile.sh -> 755
[2026-09-08 07:55:38] [INFO]  一覧表示・権限変更処理 完了
[2026-09-08 07:55:38] [INFO]  CommandA.sh 処理正常終了
