========================================
 スクリプト名: CommandA.sh
 実行開始日時: 2026-09-08 08:43:37
========================================
[2026-09-08 08:43:37] [INFO]  CommandA.sh 処理開始
[2026-09-08 08:43:37] [INFO]  事前チェック開始
[2026-09-08 08:43:37] [INFO]  事前チェック完了
[2026-09-08 08:43:37] [INFO]  ディレクトリ操作処理 開始
[2026-09-08 08:43:37] [INFO]  ディレクトリ作成完了: /tmp/testdir
[2026-09-08 08:43:37] [INFO]  E101: ディレクトリ作成失敗（既存）: /tmp/testdir（エラーメッセージ出力を確認・続行）
[2026-09-08 08:43:37] [INFO]  ディレクトリ作成（既存）エラー確認完了
[2026-09-08 08:43:37] [INFO]  E102: ディレクトリ作成失敗（権限なし）: /root/noperm（エラーメッセージ出力を確認・続行）
[2026-09-08 08:43:37] [INFO]  ディレクトリ作成（権限なし）エラー確認完了
[2026-09-08 08:43:37] [INFO]  ディレクトリ移動完了: /tmp/testdir
[2026-09-08 08:43:37] [INFO]  E103: ディレクトリ移動失敗（不存在）: /tmp/notexist（エラーメッセージ出力を確認・続行）
[2026-09-08 08:43:37] [INFO]  ディレクトリ移動（不存在）エラー確認完了
[2026-09-08 08:43:37] [INFO]  ディレクトリコピー完了: /tmp/testdir_bk
[2026-09-08 08:43:37] [INFO]  ディレクトリ削除（空）完了: /tmp/testdir_bk
[2026-09-08 08:43:37] [INFO]  D-08前処理 ファイル作成完了: /tmp/testdir/dummy.txt
[2026-09-08 08:43:37] [INFO]  E105: ディレクトリ削除失敗（非空）: /tmp/testdir（エラーメッセージ出力を確認・続行）
[2026-09-08 08:43:37] [INFO]  ディレクトリ削除（非空）エラー確認完了
[2026-09-08 08:43:37] [INFO]  ディレクトリ強制削除完了: /tmp/testdir
[2026-09-08 08:43:37] [INFO]  ディレクトリ操作処理 完了
[2026-09-08 08:43:37] [INFO]  ファイル操作処理 開始
[2026-09-08 08:43:37] [INFO]  ファイル作成（touch）完了: /tmp/testdir/test.txt
[2026-09-08 08:43:37] [INFO]  ファイル作成（echo）完了: /tmp/testdir/data.txt
[2026-09-08 08:43:37] [INFO]  ファイル内容確認完了: /tmp/testdir/data.txt
[2026-09-08 08:43:37] [INFO]  ファイルコピー完了: /tmp/testdir/data_bk.txt
[2026-09-08 08:43:37] [INFO]  ファイルコピー（上書き）完了: /tmp/testdir/data_bk.txt
[2026-09-08 08:43:37] [INFO]  ファイル移動（リネーム）完了: /tmp/testdir/renamed.txt
[2026-09-08 08:43:37] [INFO]  ファイル削除完了: /tmp/testdir/data_bk.txt
[2026-09-08 08:43:37] [INFO]  E206: ファイル削除失敗（不存在）: /tmp/testdir/notexist.txt（エラーメッセージ出力を確認・続行）
[2026-09-08 08:43:37] [INFO]  ファイル削除（不存在）エラー確認完了
[2026-09-08 08:43:37] [INFO]  ファイル操作処理 完了
[2026-09-08 08:43:37] [INFO]  サービス操作処理 開始
[2026-09-08 08:43:37] [ERROR] E301: サービス起動失敗: nginx (RC=1)
