========================================
 スクリプト名: CommandA.sh
 実行開始日時: 2026-09-08 08:43:37
========================================
[2026-09-08 08:43:37] [CMD]   mkdir /tmp/testdir
[2026-09-08 08:43:37] [RC]    ReturnCode=0
[2026-09-08 08:43:37] [CMD]   mkdir /tmp/testdir 2>&1
[2026-09-08 08:43:37] [RC]    ReturnCode=1
[2026-09-08 08:43:37] [CMD]   mkdir /root/noperm 2>&1
[2026-09-08 08:43:37] [RC]    ReturnCode=1
[2026-09-08 08:43:37] [CMD]   cd /tmp/testdir
[2026-09-08 08:43:37] [RC]    ReturnCode=0
[2026-09-08 08:43:37] [CMD]   cd /tmp/notexist 2>&1
[2026-09-08 08:43:37] [RC]    ReturnCode=1
[2026-09-08 08:43:37] [CMD]   cp -r /tmp/testdir /tmp/testdir_bk
[2026-09-08 08:43:37] [RC]    ReturnCode=0
[2026-09-08 08:43:37] [CMD]   rmdir /tmp/testdir_bk
[2026-09-08 08:43:37] [RC]    ReturnCode=0
[2026-09-08 08:43:37] [CMD]   touch /tmp/testdir/dummy.txt
[2026-09-08 08:43:37] [RC]    ReturnCode=0
[2026-09-08 08:43:37] [CMD]   rmdir /tmp/testdir 2>&1
[2026-09-08 08:43:37] [RC]    ReturnCode=1
[2026-09-08 08:43:37] [CMD]   rm -rf /tmp/testdir
[2026-09-08 08:43:37] [RC]    ReturnCode=0
[2026-09-08 08:43:37] [CMD]   touch /tmp/testdir/test.txt
[2026-09-08 08:43:37] [RC]    ReturnCode=0
[2026-09-08 08:43:37] [CMD]   echo hello > /tmp/testdir/data.txt
[2026-09-08 08:43:37] [RC]    ReturnCode=0
[2026-09-08 08:43:37] [CMD]   cat /tmp/testdir/data.txt
[2026-09-08 08:43:37] [RC]    ReturnCode=0
[2026-09-08 08:43:37] [CMD]   cp /tmp/testdir/data.txt /tmp/testdir/data_bk.txt
[2026-09-08 08:43:37] [RC]    ReturnCode=0
[2026-09-08 08:43:37] [CMD]   cp -f /tmp/testdir/data.txt /tmp/testdir/data_bk.txt
[2026-09-08 08:43:37] [RC]    ReturnCode=0
[2026-09-08 08:43:37] [CMD]   mv /tmp/testdir/test.txt /tmp/testdir/renamed.txt
[2026-09-08 08:43:37] [RC]    ReturnCode=0
[2026-09-08 08:43:37] [CMD]   rm /tmp/testdir/data_bk.txt
[2026-09-08 08:43:37] [RC]    ReturnCode=0
[2026-09-08 08:43:37] [CMD]   rm /tmp/testdir/notexist.txt 2>&1
[2026-09-08 08:43:37] [RC]    ReturnCode=1
[2026-09-08 08:43:37] [CMD]   systemctl start nginx
[2026-09-08 08:43:37] [RC]    ReturnCode=1
